// Jest Snapshot v1, https://goo.gl/fbAQLP

exports[`Header tests renders correctly 1`] = `
<div>
  <nav
    class="nav"
  >
    <a
      href="/"
    >
      <img
        alt="Delaware Humane Association Logo"
        class="companyLogo"
        src="https://delawarehumane.org/wp-content/uploads/2016/07/DHA-Web-Logo-For-Footer.png"
      />
    </a>
    <a
      class="navigation"
      href="/adoptionprocess"
    >
      Adoption Process Overview
    </a>
    <a
      class="navigation"
      href="/petlist"
    >
      Adoptable Pets
    </a>
    <a
      class="navigation"
      href="/foodpantry"
    >
      Food Pantry
    </a>
    <a
      class="navigation"
      href="/clinicservices"
    >
      Clinic Services
    </a>
  </nav>
</div>
`;
