// Jest Snapshot v1, https://goo.gl/fbAQLP

exports[`ClinicServices tests renders correctly 1`] = `
<div>
  <article
    class="pageContent"
  >
    <header
      class="pageTitle"
    >
      Get vaccinations, microchipping, and dog licenses!
    </header>
    <div
      class="pageDetails"
    >
      <img
        alt="Clinic Services"
        class="pageImage"
        src="https://www.mercypetclinic.org/wp-content/uploads/2017/12/MPC_Dog_Vaccine_Main.jpg"
      />
      <div>
        <p>
          <u>
            Location:
          </u>
           DHA Wilmington (701 A St Wilmington DE 19801)
        </p>
        <br />
        <br />
        <u>
          Time:
        </u>
         Clinic events are held the first Saturday every month from 10am-12pm Eastern
        <br />
        <br />
        <u>
          Services and Pricing:
        </u>
        <br />
        <ul>
          <li>
            Rabies Vaccination - $20 each
          </li>
          <br />
          <li>
            FVR-CP (Feline Distemper) Vaccination - $20 each
          </li>
          <br />
          <li>
            DHP-PV (Canine Distemper) Vaccination - $20 each
          </li>
          <br />
          <li>
            24PetWatch Microchip - $20
          </li>
          <br />
          <li>
            Rabies Vaccination - $20
          </li>
          <br />
          <li>
            Rabies Vaccination - $20
          </li>
          <br />
        </ul>
      </div>
    </div>
  </article>
</div>
`;
